[INFO] Scanning for projects...
[INFO] 
[INFO] --------------< com.chatbot-renting:subscriptionservice >---------------
[INFO] Building  0.0.1-SNAPSHOT
[INFO]   from pom.xml
[INFO] --------------------------------[ jar ]---------------------------------
[INFO] 
[INFO] --- clean:3.5.0:clean (default-clean) @ subscriptionservice ---
[INFO] Deleting C:\Project\Chatbot_Renting\subscriptionservice\target
[INFO] 
[INFO] >>> spring-boot:4.0.6:run (default-cli) > test-compile @ subscriptionservice >>>
[INFO] 
[INFO] --- resources:3.3.1:resources (default-resources) @ subscriptionservice ---
[INFO] Copying 1 resource from src\main\resources to target\classes
[INFO] Copying 0 resource from src\main\resources to target\classes
[INFO] 
[INFO] --- compiler:3.14.1:compile (default-compile) @ subscriptionservice ---
[INFO] Recompiling the module because of changed source code.
[INFO] Compiling 76 source files with javac [debug parameters release 21] to target\classes
[INFO] -------------------------------------------------------------
[WARNING] COMPILATION WARNING : 
[INFO] -------------------------------------------------------------
[WARNING] /C:/Project/Chatbot_Renting/subscriptionservice/src/main/java/com/chatbot_renting/subscriptionservice/mapper/InvoiceMapper.java:[10,16] Unmapped target properties: "plan, invoice". Mapping from property "Order order" to "OrderDto order".
[WARNING] /C:/Project/Chatbot_Renting/subscriptionservice/src/main/java/com/chatbot_renting/subscriptionservice/mapper/OrderMapper.java:[9,14] Unmapped target properties: "plan, invoice".
[WARNING] /C:/Project/Chatbot_Renting/subscriptionservice/src/main/java/com/chatbot_renting/subscriptionservice/mapper/UsageSummaryMapper.java:[9,21] Unmapped target properties: "tokensLimit, tokensPercent, storageLimitMb, storagePercent, chatbotLimit".
[WARNING] /C:/Project/Chatbot_Renting/subscriptionservice/src/main/java/com/chatbot_renting/subscriptionservice/mapper/SubscriptionMapper.java:[9,21] Unmapped target property: "scheduledPlan".
[INFO] 4 warnings 
[INFO] -------------------------------------------------------------
[INFO] -------------------------------------------------------------
[ERROR] COMPILATION ERROR : 
[INFO] -------------------------------------------------------------
[ERROR] /C:/Project/Chatbot_Renting/subscriptionservice/src/main/java/com/chatbot_renting/subscriptionservice/rest/controller/ClientOrderController.java:[25,57] incompatible types: java.lang.Long cannot be converted to java.util.UUID
[ERROR] /C:/Project/Chatbot_Renting/subscriptionservice/src/main/java/com/chatbot_renting/subscriptionservice/rest/controller/ClientOrderController.java:[32,57] incompatible types: java.lang.Long cannot be converted to java.util.UUID
[ERROR] /C:/Project/Chatbot_Renting/subscriptionservice/src/main/java/com/chatbot_renting/subscriptionservice/rest/controller/ClientSubscriptionController.java:[30,57] incompatible types: java.lang.Long cannot be converted to java.util.UUID
[ERROR] /C:/Project/Chatbot_Renting/subscriptionservice/src/main/java/com/chatbot_renting/subscriptionservice/rest/controller/ClientSubscriptionController.java:[37,57] incompatible types: java.lang.Long cannot be converted to java.util.UUID
[ERROR] /C:/Project/Chatbot_Renting/subscriptionservice/src/main/java/com/chatbot_renting/subscriptionservice/rest/controller/ClientSubscriptionController.java:[44,57] incompatible types: java.lang.Long cannot be converted to java.util.UUID
[ERROR] /C:/Project/Chatbot_Renting/subscriptionservice/src/main/java/com/chatbot_renting/subscriptionservice/rest/controller/ClientSubscriptionController.java:[51,57] incompatible types: java.lang.Long cannot be converted to java.util.UUID
[ERROR] /C:/Project/Chatbot_Renting/subscriptionservice/src/main/java/com/chatbot_renting/subscriptionservice/rest/controller/ClientSubscriptionController.java:[58,57] incompatible types: java.lang.Long cannot be converted to java.util.UUID
[ERROR] /C:/Project/Chatbot_Renting/subscriptionservice/src/main/java/com/chatbot_renting/subscriptionservice/rest/controller/ClientSubscriptionController.java:[65,57] incompatible types: java.lang.Long cannot be converted to java.util.UUID
[ERROR] /C:/Project/Chatbot_Renting/subscriptionservice/src/main/java/com/chatbot_renting/subscriptionservice/rest/controller/ClientSubscriptionPlanController.java:[32,5] method does not override or implement a method from a supertype
[INFO] 9 errors 
[INFO] -------------------------------------------------------------
[INFO] ------------------------------------------------------------------------
[INFO] BUILD FAILURE
[INFO] ------------------------------------------------------------------------
[INFO] Total time:  7.725 s
[INFO] Finished at: 2026-07-15T11:22:37+07:00
[INFO] ------------------------------------------------------------------------
[ERROR] Failed to execute goal org.apache.maven.plugins:maven-compiler-plugin:3.14.1:compile (default-compile) on project subscriptionservice: Compilation failure: Compilation failure: 
[ERROR] /C:/Project/Chatbot_Renting/subscriptionservice/src/main/java/com/chatbot_renting/subscriptionservice/rest/controller/ClientOrderController.java:[25,57] incompatible types: java.lang.Long cannot be converted to java.util.UUID
[ERROR] /C:/Project/Chatbot_Renting/subscriptionservice/src/main/java/com/chatbot_renting/subscriptionservice/rest/controller/ClientOrderController.java:[32,57] incompatible types: java.lang.Long cannot be converted to java.util.UUID
[ERROR] /C:/Project/Chatbot_Renting/subscriptionservice/src/main/java/com/chatbot_renting/subscriptionservice/rest/controller/ClientSubscriptionController.java:[30,57] incompatible types: java.lang.Long cannot be converted to java.util.UUID
[ERROR] /C:/Project/Chatbot_Renting/subscriptionservice/src/main/java/com/chatbot_renting/subscriptionservice/rest/controller/ClientSubscriptionController.java:[37,57] incompatible types: java.lang.Long cannot be converted to java.util.UUID
[ERROR] /C:/Project/Chatbot_Renting/subscriptionservice/src/main/java/com/chatbot_renting/subscriptionservice/rest/controller/ClientSubscriptionController.java:[44,57] incompatible types: java.lang.Long cannot be converted to java.util.UUID
[ERROR] /C:/Project/Chatbot_Renting/subscriptionservice/src/main/java/com/chatbot_renting/subscriptionservice/rest/controller/ClientSubscriptionController.java:[51,57] incompatible types: java.lang.Long cannot be converted to java.util.UUID
[ERROR] /C:/Project/Chatbot_Renting/subscriptionservice/src/main/java/com/chatbot_renting/subscriptionservice/rest/controller/ClientSubscriptionController.java:[58,57] incompatible types: java.lang.Long cannot be converted to java.util.UUID
[ERROR] /C:/Project/Chatbot_Renting/subscriptionservice/src/main/java/com/chatbot_renting/subscriptionservice/rest/controller/ClientSubscriptionController.java:[65,57] incompatible types: java.lang.Long cannot be converted to java.util.UUID
[ERROR] /C:/Project/Chatbot_Renting/subscriptionservice/src/main/java/com/chatbot_renting/subscriptionservice/rest/controller/ClientSubscriptionPlanController.java:[32,5] method does not override or implement a method from a supertype
[ERROR] -> [Help 1]
[ERROR] 
[ERROR] To see the full stack trace of the errors, re-run Maven with the -e switch.
[ERROR] Re-run Maven using the -X switch to enable full debug logging.
[ERROR] 
[ERROR] For more information about the errors and possible solutions, please read the following articles:
[ERROR] [Help 1] http://cwiki.apache.org/confluence/display/MAVEN/MojoFailureException
